// Jest Snapshot v1, https://goo.gl/fbAQLP

exports[`manufacturing/products 1`] = `
Object {
  "bundle": "(function webpackUniversalModuleDefinition(root, factory) {
	if(typeof exports === 'object' && typeof module === 'object')
		module.exports = factory();
	else if(typeof define === 'function' && define.amd)
		define([], factory);
	else {
		var a = factory();
		for(var i in a) (typeof exports === 'object' ? exports : root)[i] = a[i];
	}
})(this, function() {
return /******/ (function(modules) { // webpackBootstrap
/******/ 	// The module cache
/******/ 	var installedModules = {};
/******/
/******/ 	// The require function
/******/ 	function __webpack_require__(moduleId) {
/******/
/******/ 		// Check if module is in cache
/******/ 		if(installedModules[moduleId]) {
/******/ 			return installedModules[moduleId].exports;
/******/ 		}
/******/ 		// Create a new module (and put it into the cache)
/******/ 		var module = installedModules[moduleId] = {
/******/ 			i: moduleId,
/******/ 			l: false,
/******/ 			exports: {}
/******/ 		};
/******/
/******/ 		// Execute the module function
/******/ 		modules[moduleId].call(module.exports, module, module.exports, __webpack_require__);
/******/
/******/ 		// Flag the module as loaded
/******/ 		module.l = true;
/******/
/******/ 		// Return the exports of the module
/******/ 		return module.exports;
/******/ 	}
/******/
/******/
/******/ 	// expose the modules object (__webpack_modules__)
/******/ 	__webpack_require__.m = modules;
/******/
/******/ 	// expose the module cache
/******/ 	__webpack_require__.c = installedModules;
/******/
/******/ 	// define getter function for harmony exports
/******/ 	__webpack_require__.d = function(exports, name, getter) {
/******/ 		if(!__webpack_require__.o(exports, name)) {
/******/ 			Object.defineProperty(exports, name, { enumerable: true, get: getter });
/******/ 		}
/******/ 	};
/******/
/******/ 	// define __esModule on exports
/******/ 	__webpack_require__.r = function(exports) {
/******/ 		if(typeof Symbol !== 'undefined' && Symbol.toStringTag) {
/******/ 			Object.defineProperty(exports, Symbol.toStringTag, { value: 'Module' });
/******/ 		}
/******/ 		Object.defineProperty(exports, '__esModule', { value: true });
/******/ 	};
/******/
/******/ 	// create a fake namespace object
/******/ 	// mode & 1: value is a module id, require it
/******/ 	// mode & 2: merge all properties of value into the ns
/******/ 	// mode & 4: return value when already ns object
/******/ 	// mode & 8|1: behave like require
/******/ 	__webpack_require__.t = function(value, mode) {
/******/ 		if(mode & 1) value = __webpack_require__(value);
/******/ 		if(mode & 8) return value;
/******/ 		if((mode & 4) && typeof value === 'object' && value && value.__esModule) return value;
/******/ 		var ns = Object.create(null);
/******/ 		__webpack_require__.r(ns);
/******/ 		Object.defineProperty(ns, 'default', { enumerable: true, value: value });
/******/ 		if(mode & 2 && typeof value != 'string') for(var key in value) __webpack_require__.d(ns, key, function(key) { return value[key]; }.bind(null, key));
/******/ 		return ns;
/******/ 	};
/******/
/******/ 	// getDefaultExport function for compatibility with non-harmony modules
/******/ 	__webpack_require__.n = function(module) {
/******/ 		var getter = module && module.__esModule ?
/******/ 			function getDefault() { return module['default']; } :
/******/ 			function getModuleExports() { return module; };
/******/ 		__webpack_require__.d(getter, 'a', getter);
/******/ 		return getter;
/******/ 	};
/******/
/******/ 	// Object.prototype.hasOwnProperty.call
/******/ 	__webpack_require__.o = function(object, property) { return Object.prototype.hasOwnProperty.call(object, property); };
/******/
/******/ 	// __webpack_public_path__
/******/ 	__webpack_require__.p = \\"\\";
/******/
/******/
/******/ 	// Load entry module and return exports
/******/ 	return __webpack_require__(__webpack_require__.s = 1);
/******/ })
/************************************************************************/
/******/ ([
/* 0 */
/***/ (function(module, __webpack_exports__, __webpack_require__) {

\\"use strict\\";
/* harmony default export */ __webpack_exports__[\\"a\\"] = (\\"product,price\\\\n\\\\\\"solar panel\\\\\\",500\\\\n\\\\\\"heat pump\\\\\\",900\\");

/***/ }),
/* 1 */
/***/ (function(module, __webpack_exports__, __webpack_require__) {

\\"use strict\\";
__webpack_require__.r(__webpack_exports__);
/* harmony import */ var raw_loader_products_csv__WEBPACK_IMPORTED_MODULE_0__ = __webpack_require__(0);
 // impt point that this doesn't contain .cul...

console.log(raw_loader_products_csv__WEBPACK_IMPORTED_MODULE_0__[/* default */ \\"a\\"]); // next -> d3-csv

/***/ })
/******/ ]);
});
//# sourceMappingURL=products.js.map",
  "sourcemap": "{\\"version\\":3,\\"sources\\":[\\"webpack:///../../../webpack/universalModuleDefinition\\",\\"webpack:///../../../webpack/bootstrap\\",\\"webpack:///../../calculang-testcase-models/manufacturing/products.csv\\",\\"webpack:///../../../products.cul.js\\"],\\"names\\":[\\"console\\",\\"log\\",\\"products_csv\\"],\\"mappings\\":\\"AAAA;AACA;AACA;AACA;AACA;AACA;AACA;AACA;AACA;AACA,CAAC;AACD,O;QCVA;QACA;;QAEA;QACA;;QAEA;QACA;QACA;QACA;QACA;QACA;QACA;QACA;QACA;QACA;;QAEA;QACA;;QAEA;QACA;;QAEA;QACA;QACA;;;QAGA;QACA;;QAEA;QACA;;QAEA;QACA;QACA;QACA,0CAA0C,gCAAgC;QAC1E;QACA;;QAEA;QACA;QACA;QACA,wDAAwD,kBAAkB;QAC1E;QACA,iDAAiD,cAAc;QAC/D;;QAEA;QACA;QACA;QACA;QACA;QACA;QACA;QACA;QACA;QACA;QACA;QACA,yCAAyC,iCAAiC;QAC1E,gHAAgH,mBAAmB,EAAE;QACrI;QACA;;QAEA;QACA;QACA;QACA,2BAA2B,0BAA0B,EAAE;QACvD,iCAAiC,eAAe;QAChD;QACA;QACA;;QAEA;QACA,sDAAsD,+DAA+D;;QAErH;QACA;;;QAGA;QACA;;;;;;;;AClFe,oHAA2D,E;;;;;;;ACA1E;AAAA;CAAsD;;AAEtDA,OAAO,CAACC,GAAR,CAAYC,uEAAZ,E,CAEA,iB\\",\\"file\\":\\"products.js\\",\\"sourcesContent\\":[\\"(function webpackUniversalModuleDefinition(root, factory) {\\\\n\\\\tif(typeof exports === 'object' && typeof module === 'object')\\\\n\\\\t\\\\tmodule.exports = factory();\\\\n\\\\telse if(typeof define === 'function' && define.amd)\\\\n\\\\t\\\\tdefine([], factory);\\\\n\\\\telse {\\\\n\\\\t\\\\tvar a = factory();\\\\n\\\\t\\\\tfor(var i in a) (typeof exports === 'object' ? exports : root)[i] = a[i];\\\\n\\\\t}\\\\n})(this, function() {\\\\nreturn \\",\\" \\\\t// The module cache\\\\n \\\\tvar installedModules = {};\\\\n\\\\n \\\\t// The require function\\\\n \\\\tfunction __webpack_require__(moduleId) {\\\\n\\\\n \\\\t\\\\t// Check if module is in cache\\\\n \\\\t\\\\tif(installedModules[moduleId]) {\\\\n \\\\t\\\\t\\\\treturn installedModules[moduleId].exports;\\\\n \\\\t\\\\t}\\\\n \\\\t\\\\t// Create a new module (and put it into the cache)\\\\n \\\\t\\\\tvar module = installedModules[moduleId] = {\\\\n \\\\t\\\\t\\\\ti: moduleId,\\\\n \\\\t\\\\t\\\\tl: false,\\\\n \\\\t\\\\t\\\\texports: {}\\\\n \\\\t\\\\t};\\\\n\\\\n \\\\t\\\\t// Execute the module function\\\\n \\\\t\\\\tmodules[moduleId].call(module.exports, module, module.exports, __webpack_require__);\\\\n\\\\n \\\\t\\\\t// Flag the module as loaded\\\\n \\\\t\\\\tmodule.l = true;\\\\n\\\\n \\\\t\\\\t// Return the exports of the module\\\\n \\\\t\\\\treturn module.exports;\\\\n \\\\t}\\\\n\\\\n\\\\n \\\\t// expose the modules object (__webpack_modules__)\\\\n \\\\t__webpack_require__.m = modules;\\\\n\\\\n \\\\t// expose the module cache\\\\n \\\\t__webpack_require__.c = installedModules;\\\\n\\\\n \\\\t// define getter function for harmony exports\\\\n \\\\t__webpack_require__.d = function(exports, name, getter) {\\\\n \\\\t\\\\tif(!__webpack_require__.o(exports, name)) {\\\\n \\\\t\\\\t\\\\tObject.defineProperty(exports, name, { enumerable: true, get: getter });\\\\n \\\\t\\\\t}\\\\n \\\\t};\\\\n\\\\n \\\\t// define __esModule on exports\\\\n \\\\t__webpack_require__.r = function(exports) {\\\\n \\\\t\\\\tif(typeof Symbol !== 'undefined' && Symbol.toStringTag) {\\\\n \\\\t\\\\t\\\\tObject.defineProperty(exports, Symbol.toStringTag, { value: 'Module' });\\\\n \\\\t\\\\t}\\\\n \\\\t\\\\tObject.defineProperty(exports, '__esModule', { value: true });\\\\n \\\\t};\\\\n\\\\n \\\\t// create a fake namespace object\\\\n \\\\t// mode & 1: value is a module id, require it\\\\n \\\\t// mode & 2: merge all properties of value into the ns\\\\n \\\\t// mode & 4: return value when already ns object\\\\n \\\\t// mode & 8|1: behave like require\\\\n \\\\t__webpack_require__.t = function(value, mode) {\\\\n \\\\t\\\\tif(mode & 1) value = __webpack_require__(value);\\\\n \\\\t\\\\tif(mode & 8) return value;\\\\n \\\\t\\\\tif((mode & 4) && typeof value === 'object' && value && value.__esModule) return value;\\\\n \\\\t\\\\tvar ns = Object.create(null);\\\\n \\\\t\\\\t__webpack_require__.r(ns);\\\\n \\\\t\\\\tObject.defineProperty(ns, 'default', { enumerable: true, value: value });\\\\n \\\\t\\\\tif(mode & 2 && typeof value != 'string') for(var key in value) __webpack_require__.d(ns, key, function(key) { return value[key]; }.bind(null, key));\\\\n \\\\t\\\\treturn ns;\\\\n \\\\t};\\\\n\\\\n \\\\t// getDefaultExport function for compatibility with non-harmony modules\\\\n \\\\t__webpack_require__.n = function(module) {\\\\n \\\\t\\\\tvar getter = module && module.__esModule ?\\\\n \\\\t\\\\t\\\\tfunction getDefault() { return module['default']; } :\\\\n \\\\t\\\\t\\\\tfunction getModuleExports() { return module; };\\\\n \\\\t\\\\t__webpack_require__.d(getter, 'a', getter);\\\\n \\\\t\\\\treturn getter;\\\\n \\\\t};\\\\n\\\\n \\\\t// Object.prototype.hasOwnProperty.call\\\\n \\\\t__webpack_require__.o = function(object, property) { return Object.prototype.hasOwnProperty.call(object, property); };\\\\n\\\\n \\\\t// __webpack_public_path__\\\\n \\\\t__webpack_require__.p = \\\\\\"\\\\\\";\\\\n\\\\n\\\\n \\\\t// Load entry module and return exports\\\\n \\\\treturn __webpack_require__(__webpack_require__.s = 1);\\\\n\\",\\"export default \\\\\\"product,price\\\\\\\\\\\\n\\\\\\\\\\\\\\"solar panel\\\\\\\\\\\\\\",500\\\\\\\\\\\\n\\\\\\\\\\\\\\"heat pump\\\\\\\\\\\\\\",900\\\\\\";\\",\\"import products_csv from 'raw-loader!./products.csv'; // impt point that this doesn't contain .cul...\\\\n\\\\nconsole.log(products_csv);\\\\n\\\\n// next -> d3-csv\\\\n\\"],\\"sourceRoot\\":\\"\\"}",
}
`;
